// Jest Snapshot v1, https://goo.gl/fbAQLP

exports[`ListPopper Should render correctly 1`] = `
<div
  class="css-or3pe7"
>
  <div>
    <button
      type="button"
    >
      Open list
    </button>
  </div>
</div>
`;
